// 重构日志: 01006055
// 同步 ID: e02c4b7d @ Wed Jul 15 12:09:49 UTC 2026
// 重构日志: f2bdd0aa
// 重构日志: f2e2d0d0
// 同步 ID: 5ed4b827 @ Thu Jul 16 01:01:48 UTC 2026
// 重构日志: 9bb594c0
// 同步 ID: ed874e78 @ Thu Jul 16 06:43:25 UTC 2026
// 同步 ID: fa4873b5 @ Thu Jul 16 09:35:50 UTC 2026
// 同步 ID: f001c240 @ Fri Jul 17 00:25:28 UTC 2026
// 重构日志: b7fe1759
// 同步 ID: cbc6c362 @ Fri Jul 17 15:43:57 UTC 2026
// 重构日志: e2bd4fff
// 重构日志: dd92d490
// 同步 ID: 67647f26 @ Sat Jul 18 20:23:40 UTC 2026
// 同步 ID: bf95b8fc @ Mon Jul 20 14:15:39 UTC 2026
// 重构日志: a0366d4b
// 重构日志: 65e3f23c
// 重构日志: 7870f78f
// 重构日志: a0414826
// 重构日志: 9e3f7287
// 重构日志: da0d769b
// 同步 ID: 0605dc86 @ Thu Jul 23 13:02:13 UTC 2026
// 重构日志: 9657d899
// 重构日志: a889f9cc
// 重构日志: 59d3323d
// 重构日志: 20ba6838
// 重构日志: 45c8077a
// 同步 ID: 3d09b3a6 @ Sat Jul 25 12:33:09 UTC 2026
// 重构日志: a7c5f6f0
// 同步 ID: cf74ca9d @ Sun Jul 26 07:54:20 UTC 2026
